  main.cpp
E:\sch_work\@Game_01\main.cpp(18,15): warning C4244: “初始化”: 从“double”转换到“int”，可能丢失数据
E:\sch_work\@Game_01\main.cpp(19,15): warning C4244: “初始化”: 从“double”转换到“int”，可能丢失数据
E:\sch_work\@Game_01\main.cpp(20,15): warning C4244: “初始化”: 从“double”转换到“int”，可能丢失数据
E:\sch_work\@Game_01\main.cpp(21,15): warning C4244: “初始化”: 从“double”转换到“int”，可能丢失数据
E:\sch_work\@Game_01\main.cpp(42,22): warning C4244: “=”: 从“double”转换到“int”，可能丢失数据
E:\sch_work\@Game_01\main.cpp(43,27): warning C4244: “=”: 从“double”转换到“int”，可能丢失数据
E:\sch_work\@Game_01\main.cpp(48,27): warning C4244: “=”: 从“double”转换到“int”，可能丢失数据
E:\sch_work\@Game_01\main.cpp(49,50): warning C4244: “=”: 从“double”转换到“int”，可能丢失数据
E:\sch_work\@Game_01\main.cpp(56,18): warning C4244: “初始化”: 从“double”转换到“int”，可能丢失数据
E:\sch_work\@Game_01\main.cpp(57,18): warning C4244: “初始化”: 从“double”转换到“int”，可能丢失数据
E:\sch_work\@Game_01\main.cpp(58,18): warning C4244: “初始化”: 从“double”转换到“int”，可能丢失数据
E:\sch_work\@Game_01\main.cpp(59,18): warning C4244: “初始化”: 从“double”转换到“int”，可能丢失数据
E:\sch_work\@Game_01\main.cpp(115,18): warning C4244: “初始化”: 从“double”转换到“int”，可能丢失数据
E:\sch_work\@Game_01\main.cpp(116,16): warning C4244: “初始化”: 从“double”转换到“int”，可能丢失数据
E:\sch_work\@Game_01\main.cpp(120,13): warning C4244: “初始化”: 从“double”转换到“int”，可能丢失数据
E:\sch_work\@Game_01\main.cpp(121,13): warning C4244: “初始化”: 从“double”转换到“int”，可能丢失数据
E:\sch_work\@Game_01\main.cpp(125,25): warning C4244: “=”: 从“double”转换到“int”，可能丢失数据
  正在生成代码
  0 of 44 functions ( 0.0%) were compiled, the rest were copied from previous compilation.
    0 functions were new in current compilation
    0 functions had inline decision re-evaluated but remain unchanged
  已完成代码的生成
  @Game_01.vcxproj -> E:\sch_work\@Game_01\x64\Release\@Game_01.exe
